// Vitest Snapshot v1, https://vitest.dev/guide/snapshot.html

exports[`getEventTypes 1`] = `
[
  {
    "Bagde": "WorldsBadge",
    "EventLocatorRecord": false,
    "Id": 3,
    "Is_Active": false,
    "Label": "World Championships",
    "Order": 0,
    "PlayPageRecord": false,
    "Value": "",
  },
  {
    "Bagde": "InternationalsBadge",
    "EventLocatorRecord": false,
    "Id": 4,
    "Is_Active": false,
    "Label": "International Championships",
    "Order": 0,
    "PlayPageRecord": false,
    "Value": "",
  },
  {
    "Bagde": "RegionalsBadge",
    "EventLocatorRecord": false,
    "Id": 5,
    "Is_Active": false,
    "Label": "Regional Championships",
    "Order": 0,
    "PlayPageRecord": false,
    "Value": "",
  },
  {
    "Bagde": "PlayLabBadge",
    "EventLocatorRecord": false,
    "Id": 6,
    "Is_Active": false,
    "Label": "Play! Lab",
    "Order": 0,
    "PlayPageRecord": false,
    "Value": "",
  },
  {
    "Bagde": "PlayPokemonBadge",
    "EventLocatorRecord": false,
    "Id": 7,
    "Is_Active": false,
    "Label": "Online Tournaments",
    "Order": 0,
    "PlayPageRecord": false,
    "Value": "",
  },
  {
    "Bagde": "PrereleaseBadge",
    "EventLocatorRecord": true,
    "Id": 8,
    "Is_Active": true,
    "Label": "Prerelease",
    "Order": 8,
    "PlayPageRecord": true,
    "Value": "prerelease",
  },
  {
    "Bagde": "LeagueCupBadge",
    "EventLocatorRecord": true,
    "Id": 9,
    "Is_Active": true,
    "Label": "Cup",
    "Order": 9,
    "PlayPageRecord": false,
    "Value": "league_cup",
  },
  {
    "Bagde": "LeaguechallengeBadge",
    "EventLocatorRecord": true,
    "Id": 10,
    "Is_Active": true,
    "Label": "Challenge",
    "Order": 10,
    "PlayPageRecord": false,
    "Value": "league_challenge",
  },
  {
    "Bagde": "PlayPokemonBadge",
    "EventLocatorRecord": true,
    "Id": 11,
    "Is_Active": true,
    "Label": "League",
    "Order": 11,
    "PlayPageRecord": false,
    "Value": "play_session",
  },
  {
    "Bagde": "PlayPokemonBadge",
    "EventLocatorRecord": true,
    "Id": 16,
    "Is_Active": true,
    "Label": "Friendly Tournament",
    "Order": 16,
    "PlayPageRecord": false,
    "Value": "friendly_tournaments",
  },
]
`;
